[backblue.gif]
[fade.gif]
[index.html]
[radixtouch.in/templates/admin/smart/source/assets/img/flags/gb.png]
[radixtouch.in/templates/admin/smart/source/assets/img/flags/de.png]
[radixtouch.in/templates/admin/smart/source/assets/img/flags/ua.png]
[radixtouch.in/templates/admin/smart/source/assets/img/flags/es.png]
[radixtouch.in/templates/admin/smart/source/assets/img/flags/ru.png]
[radixtouch.in/templates/admin/smart/source/assets/img/prof/prof2.jpg]
[radixtouch.in/templates/admin/smart/source/assets/img/prof/prof3.jpg]
[radixtouch.in/templates/admin/smart/source/assets/img/prof/prof1.jpg]
[radixtouch.in/templates/admin/smart/source/assets/img/prof/prof8.jpg]
[radixtouch.in/templates/admin/smart/source/assets/img/prof/prof5.jpg]
[radixtouch.in/templates/admin/smart/source/assets/img/dp.jpg]
[radixtouch.in/templates/admin/smart/source/assets/img/course/course1.jpg]
[radixtouch.in/templates/admin/smart/source/assets/img/course/course2.jpg]
[radixtouch.in/templates/admin/smart/source/assets/img/course/course3.jpg]
[radixtouch.in/templates/admin/smart/source/assets/img/course/course4.jpg]
[radixtouch.in/templates/admin/smart/source/assets/img/std/std1.jpg]
[radixtouch.in/templates/admin/smart/source/assets/img/mega-img1.jpg]
[radixtouch.in/templates/admin/smart/source/assets/img/mega-img3.jpg]
[radixtouch.in/templates/admin/smart/source/assets/img/mega-img2.jpg]
[radixtouch.in/templates/admin/smart/source/assets/img/std/std2.jpg]
[radixtouch.in/templates/admin/smart/source/assets/img/std/std3.jpg]
[radixtouch.in/templates/admin/smart/source/assets/img/std/std4.jpg]
[radixtouch.in/templates/admin/smart/source/assets/img/prof/prof4.jpg]
[radixtouch.in/templates/admin/smart/source/assets/img/prof/prof7.jpg]
[radixtouch.in/templates/admin/smart/source/assets/img/prof/prof6.jpg]
[radixtouch.in/templates/admin/smart/source/assets/img/prof/prof9.jpg]
[radixtouch.in/templates/admin/smart/source/assets/img/prof/prof10.jpg]
[radixtouch.in/templates/admin/smart/source/assets/plugins/jquery/jquery.min.js]
[radixtouch.in/templates/admin/smart/source/assets/plugins/popper/popper.js]
[radixtouch.in/templates/admin/smart/source/assets/plugins/jquery-blockui/jquery.blockui.min.js]
[radixtouch.in/templates/admin/smart/source/assets/plugins/jquery-slimscroll/jquery.slimscroll.js]
[radixtouch.in/templates/admin/smart/source/assets/plugins/bootstrap/js/bootstrap.min.js]
[radixtouch.in/templates/admin/smart/source/assets/plugins/bootstrap-switch/js/bootstrap-switch.min.js]
[radixtouch.in/templates/admin/smart/source/assets/plugins/sparkline/jquery.sparkline.js]
[radixtouch.in/templates/admin/smart/source/assets/js/pages/sparkline/sparkline-data.js]
[radixtouch.in/templates/admin/smart/source/assets/js/app.js]
[radixtouch.in/templates/admin/smart/source/assets/js/layout.js]
[radixtouch.in/templates/admin/smart/source/assets/js/theme-color.js]
[radixtouch.in/templates/admin/smart/source/assets/plugins/material/material.min.js]
[radixtouch.in/templates/admin/smart/source/assets/plugins/chart-js/Chart.bundle.js]
[radixtouch.in/templates/admin/smart/source/assets/plugins/chart-js/utils.js]
[radixtouch.in/templates/admin/smart/source/assets/js/pages/chart/chartjs/home-data.js]
[radixtouch.in/templates/admin/smart/source/assets/plugins/summernote/summernote.js]
[radixtouch.in/templates/admin/smart/source/assets/js/pages/summernote/summernote-data.js]
[radixtouch.in/templates/admin/smart/source/hover/index.html]
[radixtouch.in/templates/admin/smart/source/hover/fonts/simple-line-icons/fonts/Simple-Line-Iconsb26c.eot]
[radixtouch.in/templates/admin/smart/source/hover/fonts/simple-line-icons/fonts/Simple-Line-Iconsb26c.woff2]
[radixtouch.in/templates/admin/smart/source/hover/fonts/simple-line-icons/fonts/Simple-Line-Iconsb26c.ttf]
[radixtouch.in/templates/admin/smart/source/hover/fonts/simple-line-icons/fonts/Simple-Line-Iconsb26c.woff]
[radixtouch.in/templates/admin/smart/source/hover/fonts/simple-line-icons/simple-line-icons.min.css]
[radixtouch.in/templates/admin/smart/source/hover/fonts/font-awesome/fonts/fontawesome-webfont3e6e.eot]
[radixtouch.in/templates/admin/smart/source/hover/fonts/font-awesome/fonts/fontawesome-webfontd41d.eot]
[radixtouch.in/templates/admin/smart/source/hover/fonts/font-awesome/fonts/fontawesome-webfont3e6e.woff2]
[radixtouch.in/templates/admin/smart/source/hover/fonts/font-awesome/fonts/fontawesome-webfont3e6e.woff]
[radixtouch.in/templates/admin/smart/source/hover/fonts/font-awesome/fonts/fontawesome-webfont3e6e.ttf]
[radixtouch.in/templates/admin/smart/source/hover/fonts/font-awesome/css/font-awesome.min.css]
[radixtouch.in/templates/admin/smart/source/hover/fonts/material-design-icons/iconfont/MaterialIcons-Regular.eot]
[radixtouch.in/templates/admin/smart/source/hover/fonts/material-design-icons/iconfont/MaterialIcons-Regular.woff2]
[radixtouch.in/templates/admin/smart/source/hover/fonts/material-design-icons/iconfont/MaterialIcons-Regular.woff]
[radixtouch.in/templates/admin/smart/source/hover/fonts/material-design-icons/iconfont/MaterialIcons-Regular.ttf]
[radixtouch.in/templates/admin/smart/source/hover/fonts/material-design-icons/material-icon.css]
[radixtouch.in/templates/admin/smart/source/assets/plugins/bootstrap/css/bootstrap.min.css]
[radixtouch.in/templates/admin/smart/source/assets/plugins/summernote/font/summernote291f.eot]
[radixtouch.in/templates/admin/smart/source/assets/plugins/summernote/font/summernoted41d.eot]
[radixtouch.in/templates/admin/smart/source/assets/plugins/summernote/font/summernote291f.woff]
[radixtouch.in/templates/admin/smart/source/assets/plugins/summernote/font/summernote291f.ttf]
[radixtouch.in/templates/admin/smart/source/assets/plugins/summernote/summernote.css]
[radixtouch.in/templates/admin/smart/source/assets/plugins/material/material.min.css]
[radixtouch.in/templates/admin/smart/source/assets/css/material_style.css]
[radixtouch.in/templates/admin/smart/source/assets/css/pages/inbox.min.css]
[radixtouch.in/templates/admin/smart/source/assets/css/theme/hover/theme_style.css]
[radixtouch.in/templates/admin/smart/source/assets/css/plugins.min.css]
[radixtouch.in/templates/admin/smart/source/assets/css/theme/hover/style.css]
[radixtouch.in/templates/admin/smart/source/assets/css/responsive.css]
[radixtouch.in/templates/admin/smart/source/assets/css/theme/hover/theme-color.css]
[radixtouch.in/templates/admin/smart/source/assets/img/slider/fullimage1.jpg]
[radixtouch.in/templates/admin/smart/source/assets/img/slider/fullimage2.jpg]
[radixtouch.in/templates/admin/smart/source/assets/img/slider/fullimage3.jpg]
[radixtouch.in/templates/admin/smart/source/assets/img/std/std5.jpg]
[radixtouch.in/templates/admin/smart/source/hover/user_profile.html]
[radixtouch.in/templates/admin/smart/source/assets/js/pages/extra-pages/pages.js]
[radixtouch.in/templates/admin/smart/source/hover/lock_screen.html]
[radixtouch.in/templates/admin/smart/source/hover/login.html]
[radixtouch.in/templates/admin/smart/source/assets/img/std/std6.jpg]
[radixtouch.in/templates/admin/smart/source/assets/img/std/std8.jpg]
[radixtouch.in/templates/admin/smart/source/assets/img/std/std7.jpg]
[radixtouch.in/templates/admin/smart/source/assets/img/std/std9.jpg]
[radixtouch.in/templates/admin/smart/source/assets/plugins/counterup/jquery.waypoints.min.js]
[radixtouch.in/templates/admin/smart/source/assets/plugins/counterup/jquery.counterup.min.js]
[radixtouch.in/templates/admin/smart/source/assets/js/pages/chart/chartjs/home-data2.js]
[radixtouch.in/templates/admin/smart/source/hover/dashboard2.html]
[radixtouch.in/templates/admin/smart/source/assets/js/pages/chart/chartjs/home-data3.js]
[radixtouch.in/templates/admin/smart/source/hover/dashboard3.html]
[radixtouch.in/templates/admin/smart/source/assets/plugins/jquery-ui/jquery-ui.min.js]
[radixtouch.in/templates/admin/smart/source/assets/plugins/moment/moment.min.js]
[radixtouch.in/templates/admin/smart/source/assets/plugins/fullcalendar/fullcalendar.min.js]
[radixtouch.in/templates/admin/smart/source/assets/js/pages/calendar/calendar.min.js]
[radixtouch.in/templates/admin/smart/source/hover/event.html]
[radixtouch.in/templates/admin/smart/source/assets/plugins/datatables/jquery.dataTables.min.js]
[radixtouch.in/templates/admin/smart/source/assets/plugins/datatables/plugins/bootstrap/dataTables.bootstrap4.min.js]
[radixtouch.in/templates/admin/smart/source/assets/js/pages/table/table_data.js]
[radixtouch.in/templates/admin/smart/source/hover/all_professors.html]
[radixtouch.in/templates/admin/smart/source/assets/js/pages/material-select/getmdl-select.js]
[radixtouch.in/templates/admin/smart/source/assets/plugins/material-datetimepicker/moment-with-locales.min.js]
[radixtouch.in/templates/admin/smart/source/assets/plugins/material-datetimepicker/bootstrap-material-datetimepicker.js]
[radixtouch.in/templates/admin/smart/source/assets/plugins/material-datetimepicker/datetimepicker.js]
[radixtouch.in/templates/admin/smart/source/assets/plugins/dropzone/dropzone.js]
[radixtouch.in/templates/admin/smart/source/assets/plugins/dropzone/dropzone-call.js]
[radixtouch.in/templates/admin/smart/source/hover/add_professor.html]
[radixtouch.in/templates/admin/smart/source/assets/plugins/jquery-validation/js/jquery.validate.min.js]
[radixtouch.in/templates/admin/smart/source/assets/plugins/jquery-validation/js/additional-methods.min.js]
[radixtouch.in/templates/admin/smart/source/assets/plugins/bootstrap-datetimepicker/js/bootstrap-datetimepicker.js]
[radixtouch.in/templates/admin/smart/source/assets/plugins/bootstrap-datetimepicker/js/bootstrap-datetimepicker-init.js]
[radixtouch.in/templates/admin/smart/source/assets/js/pages/validation/form-validation.js]
[radixtouch.in/templates/admin/smart/source/hover/add_professor_bootstrap.html]
[radixtouch.in/templates/admin/smart/source/hover/edit_professor.html]
[radixtouch.in/templates/admin/smart/source/hover/professor_profile.html]
[radixtouch.in/templates/admin/smart/source/assets/img/std/std10.jpg]
[radixtouch.in/templates/admin/smart/source/hover/all_students.html]
[radixtouch.in/templates/admin/smart/source/hover/add_student.html]
[radixtouch.in/templates/admin/smart/source/hover/add_student_bootstrap.html]
[radixtouch.in/templates/admin/smart/source/hover/edit_student.html]
[radixtouch.in/templates/admin/smart/source/hover/student_profile.html]
[radixtouch.in/templates/admin/smart/source/hover/all_courses.html]
[radixtouch.in/templates/admin/smart/source/hover/add_course.html]
[radixtouch.in/templates/admin/smart/source/hover/add_course_bootstrap.html]
[radixtouch.in/templates/admin/smart/source/hover/edit_course.html]
[radixtouch.in/templates/admin/smart/source/hover/course_details.html]
[radixtouch.in/templates/admin/smart/source/hover/all_assets.html]
[radixtouch.in/templates/admin/smart/source/hover/add_library.html]
[radixtouch.in/templates/admin/smart/source/hover/add_library_bootstrap.html]
[radixtouch.in/templates/admin/smart/source/hover/edit_library.html]
[radixtouch.in/templates/admin/smart/source/hover/all_department.html]
[radixtouch.in/templates/admin/smart/source/hover/add_department.html]
[radixtouch.in/templates/admin/smart/source/hover/add_department_bootstrap.html]
[radixtouch.in/templates/admin/smart/source/hover/edit_department.html]
[radixtouch.in/templates/admin/smart/source/hover/all_staffs.html]
[radixtouch.in/templates/admin/smart/source/hover/add_staff.html]
[radixtouch.in/templates/admin/smart/source/hover/add_staff_bootstrap.html]
[radixtouch.in/templates/admin/smart/source/hover/edit_staff.html]
[radixtouch.in/templates/admin/smart/source/hover/staff_profile.html]
[radixtouch.in/templates/admin/smart/source/hover/all_holidays.html]
[radixtouch.in/templates/admin/smart/source/hover/add_holiday.html]
[radixtouch.in/templates/admin/smart/source/hover/add_holiday_bootstrap.html]
[radixtouch.in/templates/admin/smart/source/hover/edit_holiday.html]
[radixtouch.in/templates/admin/smart/source/hover/holiday_calendar.html]
[radixtouch.in/templates/admin/smart/source/hover/email_inbox.html]
[radixtouch.in/templates/admin/smart/source/hover/email_view.html]
[radixtouch.in/templates/admin/smart/source/hover/email_compose.html]
[radixtouch.in/templates/admin/smart/source/hover/fees_collection.html]
[radixtouch.in/templates/admin/smart/source/hover/add_fees.html]
[radixtouch.in/templates/admin/smart/source/hover/add_fees_bootstrap.html]
[radixtouch.in/templates/admin/smart/source/assets/img/invoice_logo.png]
[radixtouch.in/templates/admin/smart/source/hover/fees_receipt.html]
[radixtouch.in/templates/admin/smart/source/assets/img/slider/slider1.jpg]
[radixtouch.in/templates/admin/smart/source/assets/img/slider/slider2.jpg]
[radixtouch.in/templates/admin/smart/source/assets/img/slider/slider3.jpg]
[radixtouch.in/templates/admin/smart/source/assets/img/blog/blog1.jpg]
[radixtouch.in/templates/admin/smart/source/assets/img/blog/blog2.jpg]
[radixtouch.in/templates/admin/smart/source/assets/img/blog/blog3.jpg]
[radixtouch.in/templates/admin/smart/source/assets/img/blog/blog4.jpg]
[radixtouch.in/templates/admin/smart/source/assets/plugins/owl-carousel/owl.carousel.js]
[radixtouch.in/templates/admin/smart/source/assets/js/pages/owl-carousel/owl_data.js]
[radixtouch.in/templates/admin/smart/source/hover/widget.html]
[radixtouch.in/templates/admin/smart/source/hover/ui_buttons.html]
[radixtouch.in/templates/admin/smart/source/assets/plugins/bootstrap-tabdrop/js/bootstrap-tabdrop.js]
[radixtouch.in/templates/admin/smart/source/hover/ui_tabs_accordions_navs.html]
[radixtouch.in/templates/admin/smart/source/hover/ui_typography.html]
[radixtouch.in/templates/admin/smart/source/assets/plugins/jquery-toast/dist/jquery.toast.min.js]
[radixtouch.in/templates/admin/smart/source/assets/plugins/jquery-toast/dist/toast.js]
[radixtouch.in/templates/admin/smart/source/hover/notification.html]
[radixtouch.in/templates/admin/smart/source/hover/ui_icons.html]
[radixtouch.in/templates/admin/smart/source/hover/ui_panels.html]
[radixtouch.in/templates/admin/smart/source/hover/ui_grid.html]
[radixtouch.in/templates/admin/smart/source/hover/calendar.html]
[radixtouch.in/templates/admin/smart/source/assets/plugins/bootstrap-treeview/bootstrap-treeview.js]
[radixtouch.in/templates/admin/smart/source/assets/js/pages/treeview/treeview-data.js]
[radixtouch.in/templates/admin/smart/source/hover/ui_tree.html]
[radixtouch.in/templates/admin/smart/source/assets/img/slider/owl1.jpg]
[radixtouch.in/templates/admin/smart/source/assets/img/slider/owl2.jpg]
[radixtouch.in/templates/admin/smart/source/assets/img/slider/owl3.jpg]
[radixtouch.in/templates/admin/smart/source/assets/img/slider/owl4.jpg]
[radixtouch.in/templates/admin/smart/source/assets/img/slider/owl5.jpg]
[radixtouch.in/templates/admin/smart/source/assets/img/slider/owl6.jpg]
[radixtouch.in/templates/admin/smart/source/assets/img/slider/owl7.jpg]
[radixtouch.in/templates/admin/smart/source/assets/img/slider/owl8.jpg]
[radixtouch.in/templates/admin/smart/source/hover/ui_carousel.html]
[radixtouch.in/templates/admin/smart/source/hover/material_button.html]
[radixtouch.in/templates/admin/smart/source/hover/material_tab.html]
[radixtouch.in/templates/admin/smart/source/hover/material_chips.html]
[radixtouch.in/templates/admin/smart/source/hover/material_grid.html]
[radixtouch.in/templates/admin/smart/source/hover/material_icons.html]
[radixtouch.in/templates/admin/smart/source/hover/material_form.html]
[radixtouch.in/templates/admin/smart/source/hover/material_datepicker.html]
[radixtouch.in/templates/admin/smart/source/hover/material_select.html]
[radixtouch.in/templates/admin/smart/source/assets/js/pages/material-loading/material-loading.js]
[radixtouch.in/templates/admin/smart/source/hover/material_loading.html]
[radixtouch.in/templates/admin/smart/source/hover/material_menu.html]
[radixtouch.in/templates/admin/smart/source/hover/material_slider.html]
[radixtouch.in/templates/admin/smart/source/hover/material_tables.html]
[radixtouch.in/templates/admin/smart/source/hover/material_toggle.html]
[radixtouch.in/templates/admin/smart/source/hover/material_badges.html]
[radixtouch.in/templates/admin/smart/source/hover/layouts_form.html]
[radixtouch.in/templates/admin/smart/source/assets/plugins/bootstrap-inputmask/bootstrap-inputmask.min.js]
[radixtouch.in/templates/admin/smart/source/assets/plugins/bootstrap-colorpicker/js/bootstrap-colorpicker.js]
[radixtouch.in/templates/admin/smart/source/assets/plugins/bootstrap-colorpicker/js/bootstrap-colorpicker-init.js]
[radixtouch.in/templates/admin/smart/source/assets/plugins/jquery-tags-input/jquery-tags-input.js]
[radixtouch.in/templates/admin/smart/source/assets/plugins/jquery-tags-input/jquery-tags-input-init.js]
[radixtouch.in/templates/admin/smart/source/assets/plugins/select2/js/select2.js]
[radixtouch.in/templates/admin/smart/source/assets/js/pages/select2/select2-init.js]
[radixtouch.in/templates/admin/smart/source/hover/advance_form.html]
[radixtouch.in/templates/admin/smart/source/assets/plugins/steps/jquery.steps.js]
[radixtouch.in/templates/admin/smart/source/assets/js/pages/steps/steps-data.js]
[radixtouch.in/templates/admin/smart/source/hover/wizard.html]
[radixtouch.in/templates/admin/smart/source/assets/plugins/bootstrap-datepicker/js/bootstrap-datepicker.min.js]
[radixtouch.in/templates/admin/smart/source/hover/validation_form.html]
[radixtouch.in/templates/admin/smart/source/hover/editable_form.html]
[radixtouch.in/templates/admin/smart/source/hover/basic_table.html]
[radixtouch.in/templates/admin/smart/source/hover/advanced_table.html]
[radixtouch.in/templates/admin/smart/source/hover/group_table.html]
[radixtouch.in/templates/admin/smart/source/hover/tableData.html]
[radixtouch.in/templates/admin/smart/source/hover/layout_boxed.html]
[radixtouch.in/templates/admin/smart/source/hover/layout_full_width.html]
[radixtouch.in/templates/admin/smart/source/hover/layout_collapse.html]
[radixtouch.in/templates/admin/smart/source/hover/layout_right_sidebar.html]
[radixtouch.in/templates/admin/smart/source/hover/layout_sidebar_hover_menu.html]
[radixtouch.in/templates/admin/smart/source/hover/layout_mega_menu.html]
[radixtouch.in/templates/admin/smart/source/assets/plugins/echarts/echarts.js]
[radixtouch.in/templates/admin/smart/source/assets/js/pages/chart/echart/echart-data.js]
[radixtouch.in/templates/admin/smart/source/hover/charts_echarts.html]
[radixtouch.in/templates/admin/smart/source/assets/plugins/morris/morris.min.js]
[radixtouch.in/templates/admin/smart/source/assets/plugins/morris/raphael-min.js]
[radixtouch.in/templates/admin/smart/source/assets/js/pages/chart/morris/morris_chart_data.js]
[radixtouch.in/templates/admin/smart/source/hover/charts_morris.html]
[radixtouch.in/templates/admin/smart/source/assets/js/pages/chart/chartjs/chartjs-data.js]
[radixtouch.in/templates/admin/smart/source/hover/charts_chartjs.html]
[radixtouch.in/templates/admin/smart/source/assets/plugins/gmaps/gmaps.min.js]
[radixtouch.in/templates/admin/smart/source/assets/js/pages/map/google-maps-data.js]
[radixtouch.in/templates/admin/smart/source/hover/google_maps.html]
[radixtouch.in/templates/admin/smart/source/assets/plugins/jqvmap/jquery.vmap.js]
[radixtouch.in/templates/admin/smart/source/assets/plugins/jqvmap/maps/jquery.vmap.russia.js]
[radixtouch.in/templates/admin/smart/source/assets/plugins/jqvmap/maps/jquery.vmap.world.js]
[radixtouch.in/templates/admin/smart/source/assets/plugins/jqvmap/maps/jquery.vmap.europe.js]
[radixtouch.in/templates/admin/smart/source/assets/plugins/jqvmap/maps/jquery.vmap.germany.js]
[radixtouch.in/templates/admin/smart/source/assets/plugins/jqvmap/maps/jquery.vmap.usa.js]
[radixtouch.in/templates/admin/smart/source/assets/plugins/jqvmap/data/jquery.vmap.sampledata.js]
[radixtouch.in/templates/admin/smart/source/assets/js/pages/map/vector-data.js]
[radixtouch.in/templates/admin/smart/source/hover/vector_maps.html]
[radixtouch.in/templates/admin/smart/source/hover/contact.html]
[radixtouch.in/templates/admin/smart/source/hover/page-404.html]
[radixtouch.in/templates/admin/smart/source/hover/page-500.html]
[radixtouch.in/templates/admin/smart/source/hover/blank_page.html]
[radixtouch.in/templates/admin/smart/source/hover/fonts/simple-line-icons/fonts/Simple-Line-Iconsb26c.svg]
[radixtouch.in/templates/admin/smart/source/hover/fonts/font-awesome/fonts/fontawesome-webfont3e6e.svg]
[radixtouch.in/templates/admin/smart/source/assets/img/datatable-row-openclose.html]
[radixtouch.in/templates/admin/smart/source/assets/css/theme/hover/images/arrow-down.html]
[radixtouch.in/templates/admin/smart/source/assets/css/theme/img/remove-icon-small.html]
[radixtouch.in/templates/admin/smart/source/assets/css/pages/extra_pages.css]
[radixtouch.in/templates/admin/smart/source/hover/book_appointment_material.html]
[radixtouch.in/templates/admin/smart/source/assets/plugins/fullcalendar/fullcalendar.css]
[radixtouch.in/templates/admin/smart/source/assets/plugins/datatables/plugins/bootstrap/dataTables.bootstrap4.min.css]
[radixtouch.in/templates/admin/smart/source/assets/plugins/dropzone/dropzone.css]
[radixtouch.in/templates/admin/smart/source/assets/plugins/material-datetimepicker/bootstrap-material-datetimepicker.css]
[radixtouch.in/templates/admin/smart/source/assets/plugins/bootstrap-datepicker/css/bootstrap-datepicker3.min.css]
[radixtouch.in/templates/admin/smart/source/assets/css/pages/formlayout.css]
[radixtouch.in/templates/admin/smart/source/hover/javasctipt().html]
[radixtouch.in/templates/admin/smart/source/hover/add_staff_material.html]
[radixtouch.in/templates/admin/smart/source/assets/plugins/jquery-file-upload/img/loading.gif]
[radixtouch.in/templates/admin/smart/source/assets/plugins/jquery-file-upload/blueimp-gallery/blueimp-gallery.min.css]
[radixtouch.in/templates/admin/smart/source/assets/plugins/jquery-file-upload/css/jquery.fileupload.css]
[radixtouch.in/templates/admin/smart/source/assets/plugins/jquery-file-upload/img/progressbar.gif]
[radixtouch.in/templates/admin/smart/source/assets/plugins/jquery-file-upload/css/jquery.fileupload-ui.css]
[radixtouch.in/templates/admin/smart/source/assets/plugins/morris/morris.css]
[radixtouch.in/templates/admin/smart/source/assets/plugins/owl-carousel/owl.carousel.css]
[radixtouch.in/templates/admin/smart/source/assets/plugins/owl-carousel/owl.theme.css]
[radixtouch.in/templates/admin/smart/source/assets/css/pages/typography.css]
[radixtouch.in/templates/admin/smart/source/assets/plugins/jquery-toast/dist/jquery.toast.min.css]
[radixtouch.in/templates/admin/smart/source/assets/plugins/bootstrap-datetimepicker/css/bootstrap-datetimepicker.min.css]
[radixtouch.in/templates/admin/smart/source/assets/plugins/bootstrap-colorpicker/img/bootstrap-colorpicker/saturation.png]
[radixtouch.in/templates/admin/smart/source/assets/plugins/bootstrap-colorpicker/img/bootstrap-colorpicker/hue.png]
[radixtouch.in/templates/admin/smart/source/assets/plugins/bootstrap-colorpicker/img/bootstrap-colorpicker/alpha.png]
[radixtouch.in/templates/admin/smart/source/assets/plugins/bootstrap-colorpicker/img/bootstrap-colorpicker/hue-horizontal.png]
[radixtouch.in/templates/admin/smart/source/assets/plugins/bootstrap-colorpicker/img/bootstrap-colorpicker/alpha-horizontal.png]
[radixtouch.in/templates/admin/smart/source/assets/plugins/bootstrap-colorpicker/css/bootstrap-colorpicker.css]
[radixtouch.in/templates/admin/smart/source/assets/plugins/jquery-tags-input/jquery-tags-input.css]
[radixtouch.in/templates/admin/smart/source/assets/plugins/select2/css/select2.css]
[radixtouch.in/templates/admin/smart/source/assets/plugins/select2/css/select2-bootstrap.min.css]
[radixtouch.in/templates/admin/smart/source/assets/plugins/steps/steps.css]
[radixtouch.in/templates/admin/smart/source/assets/plugins/bootstrap-editable/bootstrap-editable/img/loading.gif]
[radixtouch.in/templates/admin/smart/source/assets/plugins/bootstrap-editable/bootstrap-editable/img/clear.png]
[radixtouch.in/templates/admin/smart/source/assets/plugins/bootstrap-editable/bootstrap-editable/css/bootstrap-editable.css]
[radixtouch.in/templates/admin/smart/source/assets/plugins/bootstrap-editable/inputs-ext/address/address.css]
[radixtouch.in/templates/admin/smart/source/hover/payments.html]
[radixtouch.in/templates/admin/smart/source/assets/plugins/jqvmap/jqvmap.css]
[radixtouch.in/templates/admin/smart/source/assets/plugins/jquery-file-upload/img/error.html]
[radixtouch.in/templates/admin/smart/source/assets/plugins/jquery-file-upload/img/play-pause.html]
[radixtouch.in/templates/admin/smart/source/assets/plugins/jquery-file-upload/img/video-play.html]
[radixtouch.in/templates/admin/smart/source/assets/plugins/owl-carousel/grabbing.html]
[radixtouch.in/templates/admin/smart/source/assets/plugins/owl-carousel/AjaxLoader.html]
